// Jest Snapshot v1, https://goo.gl/fbAQLP

exports[`components ImageEditor should match exact snapshot 1`] = `
<div>
  <div>
    <div>
      <div
        className="brainhub-image-rotator"
      >
        <img
          className="brainhub-image-rotator__image"
          src="testImage"
          style={
            Object {
              "transform": "rotate(0deg)",
            }
          }
        />
      </div>
      <div
        className="brainhub-image-rotator__controls"
      >
        <button
          className="brainhub-image-rotator__button brainhub-image-rotator__button--arrow"
          onClick={[Function]}
        >
          <svg
            style={
              Object {
                "display": "inline-block",
                "fontSize": "inherit",
                "height": "1em",
                "overflow": "visible",
                "verticalAlign": "-.125em",
                "width": "1em",
              }
            }
            viewBox="0 0 512 512"
          >
            <path
              d="M212.333 224.333H12c-6.627 0-12-5.373-12-12V12C0 5.373 5.373 0 12 0h48c6.627 0 12 5.373 12 12v78.112C117.773 39.279 184.26 7.47 258.175 8.007c136.906.994 246.448 111.623 246.157 248.532C504.041 393.258 393.12 504 256.333 504c-64.089 0-122.496-24.313-166.51-64.215-5.099-4.622-5.334-12.554-.467-17.42l33.967-33.967c4.474-4.474 11.662-4.717 16.401-.525C170.76 415.336 211.58 432 256.333 432c97.268 0 176-78.716 176-176 0-97.267-78.716-176-176-176-58.496 0-110.28 28.476-142.274 72.333h98.274c6.627 0 12 5.373 12 12v48c0 6.627-5.373 12-12 12z"
              fill="currentColor"
            />
          </svg>
        </button>
        <button
          className="brainhub-image-rotator__button brainhub-image-rotator__button--save"
          onClick={[Function]}
        >
          Save image
        </button>
        <button
          className="brainhub-image-rotator__button brainhub-image-rotator__button--arrow"
          onClick={[Function]}
        >
          <svg
            style={
              Object {
                "display": "inline-block",
                "fontSize": "inherit",
                "height": "1em",
                "overflow": "visible",
                "verticalAlign": "-.125em",
                "width": "1em",
              }
            }
            viewBox="0 0 512 512"
          >
            <path
              d="M500.333 0h-47.411c-6.853 0-12.314 5.729-11.986 12.574l3.966 82.759C399.416 41.899 331.672 8 256.001 8 119.34 8 7.899 119.526 8 256.187 8.101 393.068 119.096 504 256 504c63.926 0 122.202-24.187 166.178-63.908 5.113-4.618 5.354-12.561.482-17.433l-33.971-33.971c-4.466-4.466-11.64-4.717-16.38-.543C341.308 415.448 300.606 432 256 432c-97.267 0-176-78.716-176-176 0-97.267 78.716-176 176-176 60.892 0 114.506 30.858 146.099 77.8l-101.525-4.865c-6.845-.328-12.574 5.133-12.574 11.986v47.411c0 6.627 5.373 12 12 12h200.333c6.627 0 12-5.373 12-12V12c0-6.627-5.373-12-12-12z"
              fill="currentColor"
            />
          </svg>
        </button>
      </div>
    </div>
    <canvas
      style={
        Object {
          "display": "none",
        }
      }
    />
  </div>
</div>
`;
