// Jest Snapshot v1, https://goo.gl/fbAQLP

exports[`components FileInput should match exact snapshot 1`] = `
<div>
  <div
    className="brainhub-file-input__wrapper"
    onDragEnter={[Function]}
    onDragLeave={[Function]}
    onDragOver={undefined}
    onDrop={[Function]}
  >
    <input
      className="brainhub-file-input__input--hidden"
      onChange={[Function]}
      type="file"
    />
    <button
      onClick={[Function]}
    >
      Select File
    </button>
    <div
      className="brainhub-file-input__dropInfo--hidden"
    >
      <p>
        Drop here to select file
      </p>
    </div>
  </div>
</div>
`;

exports[`components FileInputMetadata should match exact snapshot 1`] = `
<div>
  <div
    className="brainhub-file-input__metadata"
  >
    <div
      className="brainhub-file-input__metadata__image"
    >
      <div
        style={
          Object {
            "backgroundColor": "#5680BB",
            "height": "20px",
            "width": "20px",
          }
        }
      />
    </div>
    <div
      className="brainhub-file-input__metadata__info"
    >
      <span
        className="brainhub-file-input__metadata__info_name"
      >
        tes
      </span>
      t
       (
      1000 B
      )
    </div>
  </div>
</div>
`;
