// Jest Snapshot v1, https://goo.gl/fbAQLP

exports[`components FileInput should match exact snapshot 1`] = `
<div>
  <div
    className="brainhub-file-input__wrapper"
  >
    <div
      className="brainhub-file-input__label"
    >
      Test
    </div>
    <input
      className="brainhub-file-input__input--hidden"
      onChange={[Function]}
      type="file"
    />
    <div
      className="brainhub-file-input__fileInfo"
    />
    <div
      className="brainhub-drop-area"
      onDragEnter={[Function]}
      onDragLeave={[Function]}
      onDrop={[Function]}
    >
      <div>
        <div
          className="brainhub-drop-area__button"
          onClick={[Function]}
          role="button"
          tabIndex={-1}
        >
          + Add File
        </div>
      </div>
    </div>
  </div>
</div>
`;
