// Jest Snapshot v1, https://goo.gl/fbAQLP

exports[`components FileInfo Thumbnail should match exact snapshot 1`] = `
<div>
  <div
    className="brainhub-file-info__metadata"
  >
    <div
      className="brainhub-file-info__metadata__info"
    >
      <span
        className="brainhub-file-info__metadata__info_name"
      >
        test
      </span>
      
       (
      1000 B
      ) 
      
    </div>
  </div>
</div>
`;
